I predict that this is a tty
You must have run me interactively :)
I enjoy the attention you give me.
/dev/pty0
Thu Dec 17 15:50:40 EST 2015

